// 同步 ID: 9dd35011 @ Tue Jul 28 17:30:17 UTC 2026
// 重构日志: fd43a961
// 重构日志: 93c5f223
// 同步 ID: 15b3e779 @ Wed Jul 29 13:21:35 UTC 2026
// 重构日志: 2eeced60
// 重构日志: 3f6d0eca
// 重构日志: bf8a9d2d
// 同步 ID: 60b150c0 @ Fri Jul 31 01:32:56 UTC 2026
// 同步 ID: f23ba171 @ Fri Jul 31 08:41:02 UTC 2026
// 重构日志: 5f172a2d
// 重构日志: 5e9651bd
// 重构日志: 2346e4f6
// 重构日志: 9db9fb4c
// 同步 ID: 692155e0 @ Sun Aug  2 10:15:07 UTC 2026
// 重构日志: ab0b4198
// 重构日志: 63481e18
// 重构日志: b3342a0d
// 同步 ID: af77e2c3 @ Mon Aug  3 20:41:45 UTC 2026
// 同步 ID: af4f7dab @ Tue Aug  4 06:47:52 UTC 2026
// 重构日志: 9a5ae97f
// 重构日志: fe632833
// 重构日志: e56410d7
// 同步 ID: f89ddc06 @ Wed Aug  5 18:07:21 UTC 2026
// 同步 ID: a173eb3b @ Wed Aug  5 20:49:39 UTC 2026
// 重构日志: ad5d2f48
// 同步 ID: 0038d439 @ Fri Aug  7 12:43:38 UTC 2026
// 同步 ID: 6129669d @ Fri Aug  7 15:39:05 UTC 2026
// 同步 ID: e1cdfbe8 @ Fri Aug  7 17:15:06 UTC 2026
// 重构日志: c56a7542
// 同步 ID: daad3e4a @ Sat Aug  8 15:00:42 UTC 2026
